Analysis & Synthesis report for DE1_SoC
Thu Jan 13 22:52:34 2022
Quartus Prime Version 17.0.0 Build 595 04/25/2017 SJ Lite Edition


---------------------
; Table of Contents ;
---------------------
  1. Legal Notice
  2. Analysis & Synthesis Summary
  3. Analysis & Synthesis Settings
  4. Parallel Compilation
  5. Analysis & Synthesis Messages
  6. Analysis & Synthesis Suppressed Messages



----------------
; Legal Notice ;
----------------
Copyright (C) 2017  Intel Corporation. All rights reserved.
Your use of Intel Corporation's design tools, logic functions 
and other software and tools, and its AMPP partner logic 
functions, and any output files from any of the foregoing 
(including device programming or simulation files), and any 
associated documentation or information are expressly subject 
to the terms and conditions of the Intel Program License 
Subscription Agreement, the Intel Quartus Prime License Agreement,
the Intel MegaCore Function License Agreement, or other 
applicable license agreement, including, without limitation, 
that your use is for the sole purpose of programming logic 
devices manufactured by Intel and sold by Intel or its 
authorized distributors.  Please refer to the applicable 
agreement for further details.



+---------------------------------------------------------------------------+
; Analysis & Synthesis Summary                                              ;
+-----------------------------+---------------------------------------------+
; Analysis & Synthesis Status ; Failed - Thu Jan 13 22:52:34 2022           ;
; Quartus Prime Version       ; 17.0.0 Build 595 04/25/2017 SJ Lite Edition ;
; Revision Name               ; DE1_SoC                                     ;
; Top-level Entity Name       ; DE1_SoC                                     ;
; Family                      ; Cyclone V                                   ;
; Logic utilization (in ALMs) ; N/A until Partition Merge                   ;
; Total registers             ; N/A until Partition Merge                   ;
; Total pins                  ; N/A until Partition Merge                   ;
; Total virtual pins          ; N/A until Partition Merge                   ;
; Total block memory bits     ; N/A until Partition Merge                   ;
; Total PLLs                  ; N/A until Partition Merge                   ;
; Total DLLs                  ; N/A until Partition Merge                   ;
+-----------------------------+---------------------------------------------+


+---------------------------------------------------------------------------------------------------------------------------+
; Analysis & Synthesis Settings                                                                                             ;
+---------------------------------------------------------------------------------+--------------------+--------------------+
; Option                                                                          ; Setting            ; Default Value      ;
+---------------------------------------------------------------------------------+--------------------+--------------------+
; Device                                                                          ; 5CSEMA5F31C6       ;                    ;
; Top-level entity name                                                           ; DE1_SoC            ; DE1_SoC            ;
; Family name                                                                     ; Cyclone V          ; Cyclone V          ;
; State Machine Processing                                                        ; User-Encoded       ; Auto               ;
; Use smart compilation                                                           ; Off                ; Off                ;
; Enable parallel Assembler and TimeQuest Timing Analyzer during compilation      ; On                 ; On                 ;
; Enable compact report table                                                     ; Off                ; Off                ;
; Restructure Multiplexers                                                        ; Auto               ; Auto               ;
; MLAB Add Timing Constraints For Mixed-Port Feed-Through Mode Setting Don't Care ; Off                ; Off                ;
; Create Debugging Nodes for IP Cores                                             ; Off                ; Off                ;
; Preserve fewer node names                                                       ; On                 ; On                 ;
; OpenCore Plus hardware evaluation                                               ; Enable             ; Enable             ;
; Verilog Version                                                                 ; Verilog_2001       ; Verilog_2001       ;
; VHDL Version                                                                    ; VHDL_1993          ; VHDL_1993          ;
; Safe State Machine                                                              ; Off                ; Off                ;
; Extract Verilog State Machines                                                  ; On                 ; On                 ;
; Extract VHDL State Machines                                                     ; On                 ; On                 ;
; Ignore Verilog initial constructs                                               ; Off                ; Off                ;
; Iteration limit for constant Verilog loops                                      ; 5000               ; 5000               ;
; Iteration limit for non-constant Verilog loops                                  ; 250                ; 250                ;
; Add Pass-Through Logic to Inferred RAMs                                         ; On                 ; On                 ;
; Infer RAMs from Raw Logic                                                       ; On                 ; On                 ;
; Parallel Synthesis                                                              ; On                 ; On                 ;
; DSP Block Balancing                                                             ; Auto               ; Auto               ;
; NOT Gate Push-Back                                                              ; On                 ; On                 ;
; Power-Up Don't Care                                                             ; On                 ; On                 ;
; Remove Redundant Logic Cells                                                    ; Off                ; Off                ;
; Remove Duplicate Registers                                                      ; On                 ; On                 ;
; Ignore CARRY Buffers                                                            ; Off                ; Off                ;
; Ignore CASCADE Buffers                                                          ; Off                ; Off                ;
; Ignore GLOBAL Buffers                                                           ; Off                ; Off                ;
; Ignore ROW GLOBAL Buffers                                                       ; Off                ; Off                ;
; Ignore LCELL Buffers                                                            ; Off                ; Off                ;
; Ignore SOFT Buffers                                                             ; On                 ; On                 ;
; Limit AHDL Integers to 32 Bits                                                  ; Off                ; Off                ;
; Optimization Technique                                                          ; Balanced           ; Balanced           ;
; Carry Chain Length                                                              ; 70                 ; 70                 ;
; Auto Carry Chains                                                               ; On                 ; On                 ;
; Auto Open-Drain Pins                                                            ; On                 ; On                 ;
; Perform WYSIWYG Primitive Resynthesis                                           ; Off                ; Off                ;
; Auto ROM Replacement                                                            ; On                 ; On                 ;
; Auto RAM Replacement                                                            ; On                 ; On                 ;
; Auto DSP Block Replacement                                                      ; On                 ; On                 ;
; Auto Shift Register Replacement                                                 ; Auto               ; Auto               ;
; Allow Shift Register Merging across Hierarchies                                 ; Auto               ; Auto               ;
; Auto Clock Enable Replacement                                                   ; On                 ; On                 ;
; Strict RAM Replacement                                                          ; Off                ; Off                ;
; Allow Synchronous Control Signals                                               ; On                 ; On                 ;
; Force Use of Synchronous Clear Signals                                          ; Off                ; Off                ;
; Auto Resource Sharing                                                           ; Off                ; Off                ;
; Allow Any RAM Size For Recognition                                              ; Off                ; Off                ;
; Allow Any ROM Size For Recognition                                              ; Off                ; Off                ;
; Allow Any Shift Register Size For Recognition                                   ; Off                ; Off                ;
; Use LogicLock Constraints during Resource Balancing                             ; On                 ; On                 ;
; Ignore translate_off and synthesis_off directives                               ; Off                ; Off                ;
; Timing-Driven Synthesis                                                         ; On                 ; On                 ;
; Report Parameter Settings                                                       ; On                 ; On                 ;
; Report Source Assignments                                                       ; On                 ; On                 ;
; Report Connectivity Checks                                                      ; On                 ; On                 ;
; Ignore Maximum Fan-Out Assignments                                              ; Off                ; Off                ;
; Synchronization Register Chain Length                                           ; 3                  ; 3                  ;
; PowerPlay Power Optimization During Synthesis                                   ; Normal compilation ; Normal compilation ;
; HDL message level                                                               ; Level2             ; Level2             ;
; Suppress Register Optimization Related Messages                                 ; Off                ; Off                ;
; Number of Removed Registers Reported in Synthesis Report                        ; 5000               ; 5000               ;
; Number of Swept Nodes Reported in Synthesis Report                              ; 5000               ; 5000               ;
; Number of Inverted Registers Reported in Synthesis Report                       ; 100                ; 100                ;
; Clock MUX Protection                                                            ; On                 ; On                 ;
; Auto Gated Clock Conversion                                                     ; Off                ; Off                ;
; Block Design Naming                                                             ; Auto               ; Auto               ;
; SDC constraint protection                                                       ; Off                ; Off                ;
; Synthesis Effort                                                                ; Auto               ; Auto               ;
; Shift Register Replacement - Allow Asynchronous Clear Signal                    ; On                 ; On                 ;
; Pre-Mapping Resynthesis Optimization                                            ; Off                ; Off                ;
; Analysis & Synthesis Message Level                                              ; Medium             ; Medium             ;
; Disable Register Merging Across Hierarchies                                     ; Auto               ; Auto               ;
; Resource Aware Inference For Block RAM                                          ; On                 ; On                 ;
; Automatic Parallel Synthesis                                                    ; On                 ; On                 ;
; Partial Reconfiguration Bitstream ID                                            ; Off                ; Off                ;
+---------------------------------------------------------------------------------+--------------------+--------------------+


+------------------------------------------+
; Parallel Compilation                     ;
+----------------------------+-------------+
; Processors                 ; Number      ;
+----------------------------+-------------+
; Number detected on machine ; 16          ;
; Maximum allowed            ; 16          ;
;                            ;             ;
; Average used               ; 1.00        ;
; Maximum used               ; 1           ;
;                            ;             ;
; Usage by Processor         ; % Time Used ;
;     Processor 1            ; 100.0%      ;
+----------------------------+-------------+


+-------------------------------+
; Analysis & Synthesis Messages ;
+-------------------------------+
Info: *******************************************************************
Info: Running Quartus Prime Analysis & Synthesis
    Info: Version 17.0.0 Build 595 04/25/2017 SJ Lite Edition
    Info: Processing started: Thu Jan 13 22:52:27 2022
Info: Command: quartus_map --read_settings_files=on --write_settings_files=off DE1_SoC -c DE1_SoC
Info (20030): Parallel compilation is enabled and will use 16 of the 16 processors detected
Info (12021): Found 2 design units, including 2 entities, in source file de1_soc.sv
    Info (12023): Found entity 1: DE1_SoC File: C:/Users/kev14/OneDrive/Desktop/school/ee469/lab1/DE1_SoC.sv Line: 2
    Info (12023): Found entity 2: DE1_SoC_testbench File: C:/Users/kev14/OneDrive/Desktop/school/ee469/lab1/DE1_SoC.sv Line: 145
Info (12021): Found 3 design units, including 3 entities, in source file lab4_1.sv
    Info (12023): Found entity 1: lab4_1 File: C:/Users/kev14/OneDrive/Desktop/school/ee469/lab1/lab4_1.sv Line: 1
    Info (12023): Found entity 2: seg7_1 File: C:/Users/kev14/OneDrive/Desktop/school/ee469/lab1/lab4_1.sv Line: 9
    Info (12023): Found entity 3: lab4_1_testbench File: C:/Users/kev14/OneDrive/Desktop/school/ee469/lab1/lab4_1.sv Line: 31
Info (12021): Found 1 design units, including 1 entities, in source file clock_divider.sv
    Info (12023): Found entity 1: clock_divider File: C:/Users/kev14/OneDrive/Desktop/school/ee469/lab1/clock_divider.sv Line: 3
Info (12021): Found 2 design units, including 2 entities, in source file centerlight.sv
    Info (12023): Found entity 1: centerLight File: C:/Users/kev14/OneDrive/Desktop/school/ee469/lab1/centerLight.sv Line: 1
    Info (12023): Found entity 2: normalLight File: C:/Users/kev14/OneDrive/Desktop/school/ee469/lab1/centerLight.sv Line: 55
Info (12021): Found 1 design units, including 1 entities, in source file flipflop.sv
    Info (12023): Found entity 1: flipFlop File: C:/Users/kev14/OneDrive/Desktop/school/ee469/lab1/flipFlop.sv Line: 1
Info (12021): Found 1 design units, including 1 entities, in source file userinput.sv
    Info (12023): Found entity 1: userInput File: C:/Users/kev14/OneDrive/Desktop/school/ee469/lab1/userInput.sv Line: 1
Info (12021): Found 1 design units, including 1 entities, in source file lfsr.sv
    Info (12023): Found entity 1: LFSR File: C:/Users/kev14/OneDrive/Desktop/school/ee469/lab1/LFSR.sv Line: 2
Info (12021): Found 1 design units, including 1 entities, in source file comparator.sv
    Info (12023): Found entity 1: comparator File: C:/Users/kev14/OneDrive/Desktop/school/ee469/lab1/comparator.sv Line: 1
Info (12021): Found 1 design units, including 1 entities, in source file cyberplayer.sv
    Info (12023): Found entity 1: cyberPlayer File: C:/Users/kev14/OneDrive/Desktop/school/ee469/lab1/cyberPlayer.sv Line: 1
Info (12021): Found 1 design units, including 1 entities, in source file clockdiv.sv
    Info (12023): Found entity 1: clockDiv File: C:/Users/kev14/OneDrive/Desktop/school/ee469/lab1/clockDiv.sv Line: 1
Error (10170): Verilog HDL syntax error at birdCounter.sv(114) near text: "birdCounter";  expecting ";". Check for and fix any syntax errors that appear immediately before or at the specified keyword. The Intel FPGA Knowledge Database contains many articles with specific details on how to resolve this error. Visit the Knowledge Database at https://www.altera.com/support/support-resources/knowledge-base/search.html and search for this specific error message number. File: C:/Users/kev14/OneDrive/Desktop/school/ee469/lab1/birdCounter.sv Line: 114
Error (10112): Ignored design unit "birdCounter_testbench" at birdCounter.sv(109) due to previous errors File: C:/Users/kev14/OneDrive/Desktop/school/ee469/lab1/birdCounter.sv Line: 109
Info (12021): Found 0 design units, including 0 entities, in source file birdcounter.sv
Info (12021): Found 3 design units, including 3 entities, in source file leddriver.sv
    Info (12023): Found entity 1: LEDDriver File: C:/Users/kev14/OneDrive/Desktop/school/ee469/lab1/LEDDriver.sv Line: 13
    Info (12023): Found entity 2: LEDDriver_Test File: C:/Users/kev14/OneDrive/Desktop/school/ee469/lab1/LEDDriver.sv Line: 34
    Info (12023): Found entity 3: LEDDriver_TestPhysical File: C:/Users/kev14/OneDrive/Desktop/school/ee469/lab1/LEDDriver.sv Line: 71
Info (12021): Found 2 design units, including 2 entities, in source file led_test.sv
    Info (12023): Found entity 1: LED_test File: C:/Users/kev14/OneDrive/Desktop/school/ee469/lab1/LED_test.sv Line: 1
    Info (12023): Found entity 2: LED_test_testbench File: C:/Users/kev14/OneDrive/Desktop/school/ee469/lab1/LED_test.sv Line: 86
Error (10170): Verilog HDL syntax error at pipePattern.sv(71) near text: ";";  expecting "endmodule". Check for and fix any syntax errors that appear immediately before or at the specified keyword. The Intel FPGA Knowledge Database contains many articles with specific details on how to resolve this error. Visit the Knowledge Database at https://www.altera.com/support/support-resources/knowledge-base/search.html and search for this specific error message number. File: C:/Users/kev14/OneDrive/Desktop/school/ee469/lab1/pipePattern.sv Line: 71
Error (10112): Ignored design unit "pipePateern_testbench" at pipePattern.sv(64) due to previous errors File: C:/Users/kev14/OneDrive/Desktop/school/ee469/lab1/pipePattern.sv Line: 64
Info (12021): Found 0 design units, including 0 entities, in source file pipepattern.sv
Info (12021): Found 2 design units, including 2 entities, in source file lfsrbird.sv
    Info (12023): Found entity 1: LFSRBird File: C:/Users/kev14/OneDrive/Desktop/school/ee469/lab1/LFSRBird.sv Line: 2
    Info (12023): Found entity 2: LFSRBird_testbench File: C:/Users/kev14/OneDrive/Desktop/school/ee469/lab1/LFSRBird.sv Line: 23
Info (12021): Found 2 design units, including 2 entities, in source file normalpipe.sv
    Info (12023): Found entity 1: normalPipe File: C:/Users/kev14/OneDrive/Desktop/school/ee469/lab1/normalPipe.sv Line: 1
    Info (12023): Found entity 2: normalPipe_testbench File: C:/Users/kev14/OneDrive/Desktop/school/ee469/lab1/normalPipe.sv Line: 35
Info (12021): Found 2 design units, including 2 entities, in source file die.sv
    Info (12023): Found entity 1: die File: C:/Users/kev14/OneDrive/Desktop/school/ee469/lab1/die.sv Line: 1
    Info (12023): Found entity 2: die_testbench File: C:/Users/kev14/OneDrive/Desktop/school/ee469/lab1/die.sv Line: 33
Info (12021): Found 0 design units, including 0 entities, in source file birdcounter1.sv
Info (12021): Found 2 design units, including 2 entities, in source file twoby4decoder.sv
    Info (12023): Found entity 1: twoBy4decoder File: C:/Users/kev14/OneDrive/Desktop/school/ee469/lab1/twoBy4decoder.sv Line: 3
    Info (12023): Found entity 2: twoBy4decoder_testbench File: C:/Users/kev14/OneDrive/Desktop/school/ee469/lab1/twoBy4decoder.sv Line: 18
Info (144001): Generated suppressed messages file C:/Users/kev14/OneDrive/Desktop/school/ee469/lab1/output_files/DE1_SoC.map.smsg
Error: Quartus Prime Analysis & Synthesis was unsuccessful. 4 errors, 0 warnings
    Error: Peak virtual memory: 4767 megabytes
    Error: Processing ended: Thu Jan 13 22:52:34 2022
    Error: Elapsed time: 00:00:07
    Error: Total CPU time (on all processors): 00:00:17


+------------------------------------------+
; Analysis & Synthesis Suppressed Messages ;
+------------------------------------------+
The suppressed messages can be found in C:/Users/kev14/OneDrive/Desktop/school/ee469/lab1/output_files/DE1_SoC.map.smsg.


